// Jest Snapshot v1, https://goo.gl/fbAQLP

exports[`Pruebas en <HookApp/> Debe renderizarse correctamente 1`] = `
<div>
  <h1>
    Helle World
  </h1>
</div>
`;
