// Jest Snapshot v1, https://goo.gl/fbAQLP

exports[`Pruebas en <TodoForm/> debe de renderizarse correctamente 1`] = `
<Fragment>
  <h4>
    Agregar TODO
  </h4>
  <hr />
  <form
    onSubmit={[Function]}
  >
    <input
      autoComplete="off"
      className="form-control"
      name="task"
      onChange={[Function]}
      placeholder="New task"
      type="text"
      value=""
    />
    <button
      className="btn btn-outline-primary  btn-block mt-2"
      type="submit"
    >
      Add New Task
    </button>
  </form>
</Fragment>
`;
