// Jest Snapshot v1, https://goo.gl/fbAQLP

exports[`Pruebas en el componente <TodoListItem/> debe de renderizarze correctamente 1`] = `
<li
  className="list-group-item d-flex align-items-center justify-content-between"
>
  <p
    className="m-0"
  >
    Aprender React
  </p>
  <div
    className="buttons"
  >
    <button
      className="btn btn-sm   btn-primary"
      onClick={[Function]}
    >
      Done
    </button>
    <button
      className="btn btn-sm btn-danger ml-2"
      onClick={[Function]}
    >
      Delete
    </button>
  </div>
</li>
`;
