// Jest Snapshot v1, https://goo.gl/fbAQLP

exports[`Pruebas en <MultipleCustomHooks/> debe renderizar el componente 1`] = `
<div>
  <h1>
    Breaking Bad Quotes
  </h1>
  <div
    className="d-flex justify-content-center"
  >
    <div
      className="spinner-border text-success "
      role="status"
    >
      <span
        className="sr-only"
      >
        Loading...
      </span>
    </div>
  </div>
  <div
    className="text-right mt-2"
  >
    <button
      className="btn btn-primary ml-2"
      onClick={[Function]}
    >
      Get a new quote
    </button>
  </div>
</div>
`;
