// Jest Snapshot v1, https://goo.gl/fbAQLP

exports[` 1`] = `
<div>
  <h1>
    Real Example useRef
  </h1>
  <hr />
  <button
    className="btn btn-warning mt-2"
    onClick={[Function]}
  >
    Show/Hide
  </button>
</div>
`;
